A,A2,A3,B
a,b,c
A
A->aA3
A->cA2
A2->cB
A3->aB
B->#
B->aA3
B->bB
B->cA2
