A,A2,A3,B,C,D
a,b,c
A
A->#
A->aA3
A->bB
A->cA2
A2->cB
A3->aB
B->#
B->bB
C->#
C->bB
D->#
D->bB
